// Jest Snapshot v1, https://goo.gl/fbAQLP

exports[`the users data is correct 1`] = `
Array [
  Object {
    "address": "Main Street, LA22 9BU, Ambleside, United Kingdom",
    "avatar": "https://cdn.vox-cdn.com/thumbor/00awoM5IS2kFITs9546UyMSePBY=/0x0:2370x1574/1200x800/filters:focal(996x598:1374x976)/cdn.vox-cdn.com/uploads/chorus_image/image/69715362/Screen_Shot_2020_07_21_at_9.38.25_AM.0.png",
    "cloudinary_id": "",
    "email": "jane.wilkins@gmail.com",
    "first_name": "Jane",
    "is_active": false,
    "last_name": "Wilkins",
    "user_bio": "hello I'm Jane, i like food",
  },
  Object {
    "address": "Newlands Meadow, HP11 2BZ, High Wycombe, United Kingdom",
    "avatar": "https://cdn.vox-cdn.com/thumbor/00awoM5IS2kFITs9546UyMSePBY=/0x0:2370x1574/1200x800/filters:focal(996x598:1374x976)/cdn.vox-cdn.com/uploads/chorus_image/image/69715362/Screen_Shot_2020_07_21_at_9.38.25_AM.0.png",
    "cloudinary_id": "",
    "email": "dennis.thompson@gmail.com",
    "first_name": "Dennis",
    "is_active": true,
    "last_name": "Thompson",
    "user_bio": "hello I'm Dennis, i like drink",
  },
]
`;
